Attachment: [543] [test.txt] (8 B, text/plain) by person, 2024-02-19 08:35:02 UTC
